bash /some/local/dir/somehost-someuser-13/scratch/hiveptest-driver-sometest.sh
/tmp/hive-ptest-units/TestExecutionPhase/scripts/hiveptest-driver-sometest.sh /some/local/dir/somehost-someuser-13/scratch/hiveptest-driver-sometest.sh
/tmp/hive-ptest-units/TestExecutionPhase/logs/succeeded/driver-sometest /some/local/dir/somehost-someuser-13/logs/*